// Jest Snapshot v1, https://goo.gl/fbAQLP

exports[`Components - PetModal renders - light mode 1`] = `
<View
  style={
    Object {
      "alignItems": "center",
      "flex": 1,
      "justifyContent": "center",
      "marginTop": 22,
    }
  }
>
  <Modal
    animationType="slide"
    hardwareAccelerated={false}
    transparent={true}
    visible={true}
  >
    <View
      style={
        Object {
          "alignItems": "center",
          "flex": 1,
          "justifyContent": "center",
          "marginTop": 22,
        }
      }
    >
      <View
        style={
          Object {
            "alignItems": "center",
            "backgroundColor": "white",
            "borderRadius": 20,
            "elevation": 5,
            "margin": 20,
            "padding": 35,
            "shadowColor": "#000",
            "shadowOffset": Object {
              "height": 2,
              "width": 0,
            },
            "shadowOpacity": 0.25,
            "shadowRadius": 4,
          }
        }
      >
        <View
          style={
            Object {
              "backgroundColor": "grey",
              "borderRadius": 45,
              "height": 90,
              "marginBottom": 24,
              "marginTop": -80,
              "width": 90,
            }
          }
        />
        <Text
          style={
            Array [
              Object {
                "marginBottom": 15,
                "textAlign": "center",
              },
              Object {
                "fontWeight": "bold",
              },
            ]
          }
        >
          Bowser
        </Text>
        <Text
          style={
            Object {
              "marginBottom": 15,
              "textAlign": "center",
            }
          }
        >
          Rottweiler
        </Text>
        <Text
          style={
            Object {
              "marginBottom": 15,
              "textAlign": "center",
            }
          }
        >
          Needs feeding 
          4 times
           a day!
        </Text>
        <View
          accessible={true}
          collapsable={false}
          focusable={true}
          onBlur={[Function]}
          onClick={[Function]}
          onFocus={[Function]}
          onResponderGrant={[Function]}
          onResponderMove={[Function]}
          onResponderRelease={[Function]}
          onResponderTerminate={[Function]}
          onResponderTerminationRequest={[Function]}
          onStartShouldSetResponder={[Function]}
          style={
            Array [
              Object {
                "borderRadius": 20,
                "elevation": 2,
                "margin": 4,
                "padding": 10,
              },
              Object {
                "backgroundColor": "#2196F3",
              },
            ]
          }
        >
          <Text
            style={
              Object {
                "color": "white",
                "fontWeight": "bold",
                "textAlign": "center",
              }
            }
          >
            Close
          </Text>
        </View>
        <View
          accessible={true}
          collapsable={false}
          focusable={true}
          onBlur={[Function]}
          onClick={[Function]}
          onFocus={[Function]}
          onResponderGrant={[Function]}
          onResponderMove={[Function]}
          onResponderRelease={[Function]}
          onResponderTerminate={[Function]}
          onResponderTerminationRequest={[Function]}
          onStartShouldSetResponder={[Function]}
          style={
            Array [
              Object {
                "borderRadius": 20,
                "elevation": 2,
                "margin": 4,
                "padding": 10,
              },
              Object {
                "backgroundColor": "#96281b",
              },
            ]
          }
        >
          <Text
            style={
              Object {
                "color": "white",
                "fontWeight": "bold",
                "textAlign": "center",
              }
            }
          >
            Delete
          </Text>
        </View>
      </View>
    </View>
  </Modal>
</View>
`;
