// Jest Snapshot v1, https://goo.gl/fbAQLP

exports[`Components - PetListItem renders - light mode 1`] = `
<View
  accessible={true}
  focusable={true}
  onClick={[Function]}
  onResponderGrant={[Function]}
  onResponderMove={[Function]}
  onResponderRelease={[Function]}
  onResponderTerminate={[Function]}
  onResponderTerminationRequest={[Function]}
  onStartShouldSetResponder={[Function]}
  style={
    Object {
      "alignItems": "center",
      "flexDirection": "row",
      "height": 92,
      "marginHorizontal": 12,
    }
  }
>
  <View
    style={
      Object {
        "marginRight": 16,
      }
    }
  >
    <View
      style={
        Array [
          Object {
            "backgroundColor": "#444",
          },
          Object {
            "borderRadius": 46,
            "height": 46,
            "width": 46,
          },
        ]
      }
    >
      <Image
        source={
          Object {
            "uri": "https://reactnative.dev/img/tiny_logo.png",
          }
        }
        style={
          Object {
            "borderRadius": 46,
            "height": 46,
            "width": 46,
          }
        }
      />
    </View>
  </View>
  <View
    style={
      Object {
        "flex": 1,
      }
    }
  >
    <Text
      style={
        Object {
          "color": "#444",
          "fontSize": 26,
          "fontWeight": "bold",
        }
      }
    >
      Bowser
    </Text>
    <Text
      style={
        Object {
          "color": "#444",
        }
      }
    >
      Rottweiler
    </Text>
  </View>
</View>
`;
