// Jest Snapshot v1, https://goo.gl/fbAQLP

exports[`Components - Header renders 1`] = `
<View
  style={
    Object {
      "borderBottomWidth": 0.5,
      "marginHorizontal": 12,
      "paddingVertical": 12,
    }
  }
>
  <Image
    source={
      Object {
        "testUri": "../../../assets/img/logo_horizontal.png",
      }
    }
    style={
      Object {
        "height": 100.83333333333333,
        "width": 726,
      }
    }
  />
</View>
`;
